
================================================================================
python : Traceback (most recent call last):
En línea: 1 Carácter: 1
+ python tests/test_cards_scheduler.py > test_output.txt 2>&1; Get-Cont ...
+ ~~~~~~~~~~~~~~~~~~~~~~~~~~~~~~~~~~~~~~~~~~~~~~~~~~~~~~~~~~~
    + CategoryInfo          : NotSpecified: (Traceback (most recent call last)::String) [], RemoteException
    + FullyQualifiedErrorId : NativeCommandError
 
  File "C:\Users\yahir\OneDrive\Escritorio\MES\SISTEMA DE SCANEO IMD\VISUAL CODEX\tests\test_cards_scheduler.py", line 480, in <module>
    main()
  File "C:\Users\yahir\OneDrive\Escritorio\MES\SISTEMA DE SCANEO IMD\VISUAL CODEX\tests\test_cards_scheduler.py", line 461, in main
    print("\U0001f9ea TESTS DEL SCHEDULER DE ACTUALIZACIËN DE TARJETAS POST-SCAN")
  File "C:\Users\yahir\AppData\Local\Programs\Python\Python311\Lib\encodings\cp1252.py", line 19, in encode
    return codecs.charmap_encode(input,self.errors,encoding_table)[0]
           ^^^^^^^^^^^^^^^^^^^^^^^^^^^^^^^^^^^^^^^^^^^^^^^^^^^^^^^
UnicodeEncodeError: 'charmap' codec can't encode character '\U0001f9ea' in position 0: character maps to <undefined>
